MPLINK 5.09, LINKER
Linker Map File - Created Thu Oct 22 08:08:43 2020

                                 Section Info
                  Section       Type    Address   Location Size(Bytes)
                ---------  ---------  ---------  ---------  ---------
                 RES_VECT       code   0x000000    program   0x000002
                   .cinit    romdata   0x000001    program   0x000004
                MAIN_PROG       code   0x000003    program   0x0000c2
.config_2007_BUILD/DEFAULT/PRODUCTION/ETCH.O       code   0x002007    program   0x000002
.config_2008_BUILD/DEFAULT/PRODUCTION/ETCH.O       code   0x002008    program   0x000002
                  GPR_VAR      udata   0x000020       data   0x000005



                              Program Memory Usage 
                               Start         End      
                           ---------   ---------      
                            0x000000    0x000063      
                            0x002007    0x002008      
            102 out of 8455 program addresses used, program memory utilization is 1%



                              Symbols - Sorted by Name
                     Name    Address   Location    Storage File                     
                ---------  ---------  ---------  --------- ---------                
                    COG_0   0x00001c    program     static C:\Users\PabloDavid\Documents\TAREAS UVG\VIII Semestre\Programación de microcontroladores\Proyecto sketch\Proyecto-ETCH-a-sketch\Proyecto ETCH-SKETCH.X\ETCH.asm
                    COG_1   0x00001a    program     static C:\Users\PabloDavid\Documents\TAREAS UVG\VIII Semestre\Programación de microcontroladores\Proyecto sketch\Proyecto-ETCH-a-sketch\Proyecto ETCH-SKETCH.X\ETCH.asm
              CONFIG_ADC0   0x00003d    program     static C:\Users\PabloDavid\Documents\TAREAS UVG\VIII Semestre\Programación de microcontroladores\Proyecto sketch\Proyecto-ETCH-a-sketch\Proyecto ETCH-SKETCH.X\ETCH.asm
              CONFIG_ADC1   0x000047    program     static C:\Users\PabloDavid\Documents\TAREAS UVG\VIII Semestre\Programación de microcontroladores\Proyecto sketch\Proyecto-ETCH-a-sketch\Proyecto ETCH-SKETCH.X\ETCH.asm
                CONFIG_IO   0x000029    program     static C:\Users\PabloDavid\Documents\TAREAS UVG\VIII Semestre\Programación de microcontroladores\Proyecto sketch\Proyecto-ETCH-a-sketch\Proyecto ETCH-SKETCH.X\ETCH.asm
         CONFIG_OSCILATOR   0x000051    program     static C:\Users\PabloDavid\Documents\TAREAS UVG\VIII Semestre\Programación de microcontroladores\Proyecto sketch\Proyecto-ETCH-a-sketch\Proyecto ETCH-SKETCH.X\ETCH.asm
                  CONTBIN   0x000056    program     static C:\Users\PabloDavid\Documents\TAREAS UVG\VIII Semestre\Programación de microcontroladores\Proyecto sketch\Proyecto-ETCH-a-sketch\Proyecto ETCH-SKETCH.X\ETCH.asm
            CONVERTIDORES   0x00000e    program     static C:\Users\PabloDavid\Documents\TAREAS UVG\VIII Semestre\Programación de microcontroladores\Proyecto sketch\Proyecto-ETCH-a-sketch\Proyecto ETCH-SKETCH.X\ETCH.asm
            CONVERTIDOR_0   0x000012    program     static C:\Users\PabloDavid\Documents\TAREAS UVG\VIII Semestre\Programación de microcontroladores\Proyecto sketch\Proyecto-ETCH-a-sketch\Proyecto ETCH-SKETCH.X\ETCH.asm
            CONVERTIDOR_1   0x000014    program     static C:\Users\PabloDavid\Documents\TAREAS UVG\VIII Semestre\Programación de microcontroladores\Proyecto sketch\Proyecto-ETCH-a-sketch\Proyecto ETCH-SKETCH.X\ETCH.asm
                  CONV_B0   0x000018    program     static C:\Users\PabloDavid\Documents\TAREAS UVG\VIII Semestre\Programación de microcontroladores\Proyecto sketch\Proyecto-ETCH-a-sketch\Proyecto ETCH-SKETCH.X\ETCH.asm
                 CONV_FIN   0x000016    program     static C:\Users\PabloDavid\Documents\TAREAS UVG\VIII Semestre\Programación de microcontroladores\Proyecto sketch\Proyecto-ETCH-a-sketch\Proyecto ETCH-SKETCH.X\ETCH.asm
              DELAY_500US   0x00001e    program     static C:\Users\PabloDavid\Documents\TAREAS UVG\VIII Semestre\Programación de microcontroladores\Proyecto sketch\Proyecto-ETCH-a-sketch\Proyecto ETCH-SKETCH.X\ETCH.asm
                     LOOP   0x000005    program     static C:\Users\PabloDavid\Documents\TAREAS UVG\VIII Semestre\Programación de microcontroladores\Proyecto sketch\Proyecto-ETCH-a-sketch\Proyecto ETCH-SKETCH.X\ETCH.asm
                    SETUP   0x000003    program     static C:\Users\PabloDavid\Documents\TAREAS UVG\VIII Semestre\Programación de microcontroladores\Proyecto sketch\Proyecto-ETCH-a-sketch\Proyecto ETCH-SKETCH.X\ETCH.asm
                    TABLA   0x000059    program     static C:\Users\PabloDavid\Documents\TAREAS UVG\VIII Semestre\Programación de microcontroladores\Proyecto sketch\Proyecto-ETCH-a-sketch\Proyecto ETCH-SKETCH.X\ETCH.asm
          _MAIN_PROG_0006   0x000009    program     static C:\Users\PabloDavid\Documents\TAREAS UVG\VIII Semestre\Programación de microcontroladores\Proyecto sketch\Proyecto-ETCH-a-sketch\Proyecto ETCH-SKETCH.X\ETCH.asm
                ADC_value   0x000020       data     static C:\Users\PabloDavid\Documents\TAREAS UVG\VIII Semestre\Programación de microcontroladores\Proyecto sketch\Proyecto-ETCH-a-sketch\Proyecto ETCH-SKETCH.X\ETCH.asm
                  BANDERA   0x000021       data     static C:\Users\PabloDavid\Documents\TAREAS UVG\VIII Semestre\Programación de microcontroladores\Proyecto sketch\Proyecto-ETCH-a-sketch\Proyecto ETCH-SKETCH.X\ETCH.asm
                 BANDERAS   0x000023       data     static C:\Users\PabloDavid\Documents\TAREAS UVG\VIII Semestre\Programación de microcontroladores\Proyecto sketch\Proyecto-ETCH-a-sketch\Proyecto ETCH-SKETCH.X\ETCH.asm
                BANDERITA   0x000022       data     static C:\Users\PabloDavid\Documents\TAREAS UVG\VIII Semestre\Programación de microcontroladores\Proyecto sketch\Proyecto-ETCH-a-sketch\Proyecto ETCH-SKETCH.X\ETCH.asm
               BANDERITAS   0x000024       data     static C:\Users\PabloDavid\Documents\TAREAS UVG\VIII Semestre\Programación de microcontroladores\Proyecto sketch\Proyecto-ETCH-a-sketch\Proyecto ETCH-SKETCH.X\ETCH.asm



                              Symbols - Sorted by Address
                     Name    Address   Location    Storage File                     
                ---------  ---------  ---------  --------- ---------                
                    SETUP   0x000003    program     static C:\Users\PabloDavid\Documents\TAREAS UVG\VIII Semestre\Programación de microcontroladores\Proyecto sketch\Proyecto-ETCH-a-sketch\Proyecto ETCH-SKETCH.X\ETCH.asm
                     LOOP   0x000005    program     static C:\Users\PabloDavid\Documents\TAREAS UVG\VIII Semestre\Programación de microcontroladores\Proyecto sketch\Proyecto-ETCH-a-sketch\Proyecto ETCH-SKETCH.X\ETCH.asm
          _MAIN_PROG_0006   0x000009    program     static C:\Users\PabloDavid\Documents\TAREAS UVG\VIII Semestre\Programación de microcontroladores\Proyecto sketch\Proyecto-ETCH-a-sketch\Proyecto ETCH-SKETCH.X\ETCH.asm
            CONVERTIDORES   0x00000e    program     static C:\Users\PabloDavid\Documents\TAREAS UVG\VIII Semestre\Programación de microcontroladores\Proyecto sketch\Proyecto-ETCH-a-sketch\Proyecto ETCH-SKETCH.X\ETCH.asm
            CONVERTIDOR_0   0x000012    program     static C:\Users\PabloDavid\Documents\TAREAS UVG\VIII Semestre\Programación de microcontroladores\Proyecto sketch\Proyecto-ETCH-a-sketch\Proyecto ETCH-SKETCH.X\ETCH.asm
            CONVERTIDOR_1   0x000014    program     static C:\Users\PabloDavid\Documents\TAREAS UVG\VIII Semestre\Programación de microcontroladores\Proyecto sketch\Proyecto-ETCH-a-sketch\Proyecto ETCH-SKETCH.X\ETCH.asm
                 CONV_FIN   0x000016    program     static C:\Users\PabloDavid\Documents\TAREAS UVG\VIII Semestre\Programación de microcontroladores\Proyecto sketch\Proyecto-ETCH-a-sketch\Proyecto ETCH-SKETCH.X\ETCH.asm
                  CONV_B0   0x000018    program     static C:\Users\PabloDavid\Documents\TAREAS UVG\VIII Semestre\Programación de microcontroladores\Proyecto sketch\Proyecto-ETCH-a-sketch\Proyecto ETCH-SKETCH.X\ETCH.asm
                    COG_1   0x00001a    program     static C:\Users\PabloDavid\Documents\TAREAS UVG\VIII Semestre\Programación de microcontroladores\Proyecto sketch\Proyecto-ETCH-a-sketch\Proyecto ETCH-SKETCH.X\ETCH.asm
                    COG_0   0x00001c    program     static C:\Users\PabloDavid\Documents\TAREAS UVG\VIII Semestre\Programación de microcontroladores\Proyecto sketch\Proyecto-ETCH-a-sketch\Proyecto ETCH-SKETCH.X\ETCH.asm
              DELAY_500US   0x00001e    program     static C:\Users\PabloDavid\Documents\TAREAS UVG\VIII Semestre\Programación de microcontroladores\Proyecto sketch\Proyecto-ETCH-a-sketch\Proyecto ETCH-SKETCH.X\ETCH.asm
                CONFIG_IO   0x000029    program     static C:\Users\PabloDavid\Documents\TAREAS UVG\VIII Semestre\Programación de microcontroladores\Proyecto sketch\Proyecto-ETCH-a-sketch\Proyecto ETCH-SKETCH.X\ETCH.asm
              CONFIG_ADC0   0x00003d    program     static C:\Users\PabloDavid\Documents\TAREAS UVG\VIII Semestre\Programación de microcontroladores\Proyecto sketch\Proyecto-ETCH-a-sketch\Proyecto ETCH-SKETCH.X\ETCH.asm
              CONFIG_ADC1   0x000047    program     static C:\Users\PabloDavid\Documents\TAREAS UVG\VIII Semestre\Programación de microcontroladores\Proyecto sketch\Proyecto-ETCH-a-sketch\Proyecto ETCH-SKETCH.X\ETCH.asm
         CONFIG_OSCILATOR   0x000051    program     static C:\Users\PabloDavid\Documents\TAREAS UVG\VIII Semestre\Programación de microcontroladores\Proyecto sketch\Proyecto-ETCH-a-sketch\Proyecto ETCH-SKETCH.X\ETCH.asm
                  CONTBIN   0x000056    program     static C:\Users\PabloDavid\Documents\TAREAS UVG\VIII Semestre\Programación de microcontroladores\Proyecto sketch\Proyecto-ETCH-a-sketch\Proyecto ETCH-SKETCH.X\ETCH.asm
                    TABLA   0x000059    program     static C:\Users\PabloDavid\Documents\TAREAS UVG\VIII Semestre\Programación de microcontroladores\Proyecto sketch\Proyecto-ETCH-a-sketch\Proyecto ETCH-SKETCH.X\ETCH.asm
                ADC_value   0x000020       data     static C:\Users\PabloDavid\Documents\TAREAS UVG\VIII Semestre\Programación de microcontroladores\Proyecto sketch\Proyecto-ETCH-a-sketch\Proyecto ETCH-SKETCH.X\ETCH.asm
                  BANDERA   0x000021       data     static C:\Users\PabloDavid\Documents\TAREAS UVG\VIII Semestre\Programación de microcontroladores\Proyecto sketch\Proyecto-ETCH-a-sketch\Proyecto ETCH-SKETCH.X\ETCH.asm
                BANDERITA   0x000022       data     static C:\Users\PabloDavid\Documents\TAREAS UVG\VIII Semestre\Programación de microcontroladores\Proyecto sketch\Proyecto-ETCH-a-sketch\Proyecto ETCH-SKETCH.X\ETCH.asm
                 BANDERAS   0x000023       data     static C:\Users\PabloDavid\Documents\TAREAS UVG\VIII Semestre\Programación de microcontroladores\Proyecto sketch\Proyecto-ETCH-a-sketch\Proyecto ETCH-SKETCH.X\ETCH.asm
               BANDERITAS   0x000024       data     static C:\Users\PabloDavid\Documents\TAREAS UVG\VIII Semestre\Programación de microcontroladores\Proyecto sketch\Proyecto-ETCH-a-sketch\Proyecto ETCH-SKETCH.X\ETCH.asm


